==========================================================================================
LINEAR PROBE (backbone congelado) (SIN augmentacion x2) sobre onedrive_trucha, kaggle_rohu (NO zero-shot)
Dispositivo: mps
==========================================================================================
[collect_trucha] excluidas 46 'dudosa' + incluidas 82 rescatadas manualmente

onedrive_trucha: n=1150  fresco=481  no_fresco=669
------------------------------------------------------------------------------------------
MODELO: vit_base_patch16_224  DOMINIO: onedrive_trucha
  fold1: F1=84.60  Acc=85.22  epochs=26  tiempo=556s
  fold2: F1=87.60  Acc=88.26  epochs=30  tiempo=641s
  fold3: F1=92.80  Acc=93.04  epochs=23  tiempo=491s
  fold4: F1=83.20  Acc=84.35  epochs=29  tiempo=619s
  fold5: F1=82.36  Acc=83.48  epochs=15  tiempo=321s
------------------------------------------------------------------------------------------
MODELO: densenet121  DOMINIO: onedrive_trucha
  fold1: F1=78.01  Acc=79.13  epochs=30  tiempo=361s
  fold2: F1=82.59  Acc=83.48  epochs=30  tiempo=365s
  fold3: F1=85.45  Acc=86.09  epochs=28  tiempo=345s
  fold4: F1=76.59  Acc=78.70  epochs=28  tiempo=351s
  fold5: F1=81.76  Acc=83.04  epochs=23  tiempo=285s
