==========================================================================================
LINEAR PROBE (backbone congelado) + AUGMENTACION x2 sobre onedrive_trucha, kaggle_rohu (NO zero-shot)
Dispositivo: mps
==========================================================================================
[collect_trucha] excluidas 46 'dudosa' + incluidas 82 rescatadas manualmente

onedrive_trucha: n=1150  fresco=481  no_fresco=669
------------------------------------------------------------------------------------------
MODELO: vit_base_patch16_224  DOMINIO: onedrive_trucha
  fold1: F1=86.93  Acc=87.39  epochs=27  tiempo=1030s
  fold2: F1=90.51  Acc=90.87  epochs=30  tiempo=1145s
  fold3: F1=94.16  Acc=94.35  epochs=25  tiempo=953s
  fold4: F1=84.71  Acc=85.65  epochs=28  tiempo=1068s
  fold5: F1=88.61  Acc=89.13  epochs=28  tiempo=1068s
------------------------------------------------------------------------------------------
MODELO: swin_base_patch4_window7_224  DOMINIO: onedrive_trucha
  fold1: F1=90.00  Acc=90.43  epochs=23  tiempo=1364s
  fold2: F1=91.38  Acc=91.74  epochs=21  tiempo=1252s
  fold3: F1=95.52  Acc=95.65  epochs=22  tiempo=1310s
  fold4: F1=90.87  Acc=91.30  epochs=26  tiempo=1549s
  fold5: F1=94.20  Acc=94.35  epochs=26  tiempo=1548s
------------------------------------------------------------------------------------------
MODELO: densenet121  DOMINIO: onedrive_trucha
  fold1: F1=84.00  Acc=84.78  epochs=30  tiempo=646s
  fold2: F1=87.22  Acc=87.83  epochs=30  tiempo=666s
  fold3: F1=90.57  Acc=90.87  epochs=27  tiempo=599s
  fold4: F1=79.79  Acc=81.30  epochs=25  tiempo=553s
  fold5: F1=87.98  Acc=88.70  epochs=30  tiempo=662s
------------------------------------------------------------------------------------------
MODELO: efficientnet_b0  DOMINIO: onedrive_trucha
  fold1: F1=65.18  Acc=66.96  epochs=30  tiempo=427s
  fold2: F1=65.09  Acc=65.22  epochs=30  tiempo=418s
  fold3: F1=68.21  Acc=68.26  epochs=30  tiempo=420s
  fold4: F1=70.21  Acc=71.30  epochs=30  tiempo=425s
  fold5: F1=68.13  Acc=68.26  epochs=30  tiempo=417s
